ERC report (2026-08-02T22:16:02+1000, Encoding UTF8)

***** Sheet /
[lib_symbol_mismatch]: Symbol 'C_100n_50V_0603' doesn't match copy in library 'Capacitor'
    ; warning
    @(63.50 mm, 29.21 mm): Symbol C22 [C_100n_50V_0603]
[lib_symbol_mismatch]: Symbol 'C_100n_50V_0603' doesn't match copy in library 'Capacitor'
    ; warning
    @(76.20 mm, 29.21 mm): Symbol C23 [C_100n_50V_0603]
[lib_symbol_issues]: The current configuration does not include the symbol library 'PMIC_MotorDriver'
    ; warning
    @(101.60 mm, 40.64 mm): Symbol U6 [DRV8874PWPR]

***** Sheet /Driver_1/
[power_pin_not_driven]: Input Power pin not driven by any Output Power pins
    ; error
    @(83.82 mm, 33.02 mm): Symbol U6 Pin 12 [VCP, Power input, Line]
[power_pin_not_driven]: Input Power pin not driven by any Output Power pins
    ; error
    @(119.38 mm, 33.02 mm): Symbol U6 Pin 13 [CPH, Power input, Line]
[power_pin_not_driven]: Input Power pin not driven by any Output Power pins
    ; error
    @(119.38 mm, 40.64 mm): Symbol U6 Pin 14 [CPL, Power input, Line]
[pin_to_pin]: Pins of type Output and Output are connected
    ; error
    @(119.38 mm, 50.80 mm): Symbol U6 Pin 6 [IPROPI, Output, Line]
    @(119.38 mm, 50.80 mm): Symbol U6 Pin 6 [IPROPI, Output, Line]

***** Sheet /Driver_2/
[power_pin_not_driven]: Input Power pin not driven by any Output Power pins
    ; error
    @(83.82 mm, 33.02 mm): Symbol U6 Pin 12 [VCP, Power input, Line]
[power_pin_not_driven]: Input Power pin not driven by any Output Power pins
    ; error
    @(119.38 mm, 33.02 mm): Symbol U6 Pin 13 [CPH, Power input, Line]
[power_pin_not_driven]: Input Power pin not driven by any Output Power pins
    ; error
    @(119.38 mm, 40.64 mm): Symbol U6 Pin 14 [CPL, Power input, Line]

***** Sheet /Driver_3/
[power_pin_not_driven]: Input Power pin not driven by any Output Power pins
    ; error
    @(83.82 mm, 33.02 mm): Symbol U6 Pin 12 [VCP, Power input, Line]
[power_pin_not_driven]: Input Power pin not driven by any Output Power pins
    ; error
    @(119.38 mm, 33.02 mm): Symbol U6 Pin 13 [CPH, Power input, Line]
[power_pin_not_driven]: Input Power pin not driven by any Output Power pins
    ; error
    @(119.38 mm, 40.64 mm): Symbol U6 Pin 14 [CPL, Power input, Line]
[pin_to_pin]: Pins of type Output and Output are connected
    ; error
    @(119.38 mm, 50.80 mm): Symbol U6 Pin 6 [IPROPI, Output, Line]
    @(119.38 mm, 50.80 mm): Symbol U6 Pin 6 [IPROPI, Output, Line]

***** Sheet /Driver_4/
[power_pin_not_driven]: Input Power pin not driven by any Output Power pins
    ; error
    @(83.82 mm, 33.02 mm): Symbol U6 Pin 12 [VCP, Power input, Line]
[power_pin_not_driven]: Input Power pin not driven by any Output Power pins
    ; error
    @(119.38 mm, 33.02 mm): Symbol U6 Pin 13 [CPH, Power input, Line]
[power_pin_not_driven]: Input Power pin not driven by any Output Power pins
    ; error
    @(119.38 mm, 40.64 mm): Symbol U6 Pin 14 [CPL, Power input, Line]

***** Sheet /Driver_5/
[power_pin_not_driven]: Input Power pin not driven by any Output Power pins
    ; error
    @(83.82 mm, 33.02 mm): Symbol U6 Pin 12 [VCP, Power input, Line]
[power_pin_not_driven]: Input Power pin not driven by any Output Power pins
    ; error
    @(119.38 mm, 33.02 mm): Symbol U6 Pin 13 [CPH, Power input, Line]
[power_pin_not_driven]: Input Power pin not driven by any Output Power pins
    ; error
    @(119.38 mm, 40.64 mm): Symbol U6 Pin 14 [CPL, Power input, Line]
[pin_to_pin]: Pins of type Output and Output are connected
    ; error
    @(119.38 mm, 50.80 mm): Symbol U6 Pin 6 [IPROPI, Output, Line]
    @(119.38 mm, 50.80 mm): Symbol U6 Pin 6 [IPROPI, Output, Line]

***** Sheet /Driver_6/
[power_pin_not_driven]: Input Power pin not driven by any Output Power pins
    ; error
    @(83.82 mm, 33.02 mm): Symbol U6 Pin 12 [VCP, Power input, Line]
[power_pin_not_driven]: Input Power pin not driven by any Output Power pins
    ; error
    @(119.38 mm, 33.02 mm): Symbol U6 Pin 13 [CPH, Power input, Line]
[power_pin_not_driven]: Input Power pin not driven by any Output Power pins
    ; error
    @(119.38 mm, 40.64 mm): Symbol U6 Pin 14 [CPL, Power input, Line]

 ** ERC messages: 24  Errors 21  Warnings 3
